

Co-authored-by: Mal Reynolds <mal@serenity.com>
Co-authored-by: Zoe Washburne <zoe@serenity.com>

