single line msg

Co-authored-by: Zoe Washburne <zoe.washburne@serenity.org>
Co-authored-by: Sheppard Book <sheppard.book@serenity.org>