

Co-authored-by: Mal Reynolds <mal@serenity.com>

