[FEAT-3] do something awesome

Co-authored-by: Mal Reynolds <mal@serentiy.com>

