[FEAT-1]

Co-authored-by: Mal Reynolds <mal@serentiy.com>

