[FEAT-2] do something awesome

Co-authored-by: Mal Reynolds <mal@serentiy.com>

