single line msg

Co-authored-by: Zoe Washburne <zoe.washburne@serenity.org>