[FEAT-5] 

# git comments
# git comments
# git comments

